2026-09-30 12:24Z update_daily: 18 nieuwe regels in 4 bestanden
2026-09-30 12:29Z update_daily: 464 nieuwe regels in 96 bestanden
update_daily: 464 nieuwe regels in 96 bestanden
2026-09-30 22:11Z update_daily: 252 nieuwe regels in 167 bestanden
update_daily: 252 nieuwe regels in 167 bestanden
FX_EURUSD + 1
FX_GBPUSD + 1
FX_USDJPY + 1
FX_AUDUSD + 1
FX_USDCAD + 1
FX_USDCHF + 1
FX_NZDUSD + 1
dagcorrelatie IEF vs BOND10_SYN 0.947; vol IEF 0.068 syn 0.073; CAGR IEF 0.0346 syn 0.0312
2026-10-01 22:12Z update_daily: 353 nieuwe regels in 195 bestanden
update_daily: 353 nieuwe regels in 195 bestanden
FX_EURUSD + 1
FX_GBPUSD + 1
FX_USDJPY + 1
FX_AUDUSD + 1
FX_USDCAD + 1
FX_USDCHF + 1
FX_NZDUSD + 1
dagcorrelatie IEF vs BOND10_SYN 0.947; vol IEF 0.068 syn 0.073; CAGR IEF 0.0346 syn 0.0312
2026-10-02 22:12Z update_daily: 150 nieuwe regels in 195 bestanden
update_daily: 150 nieuwe regels in 195 bestanden
FX_EURUSD + 1
FX_GBPUSD + 1
FX_USDJPY + 1
FX_AUDUSD + 1
FX_USDCAD + 1
FX_USDCHF + 1
FX_NZDUSD + 1
dagcorrelatie IEF vs BOND10_SYN 0.947; vol IEF 0.068 syn 0.073; CAGR IEF 0.0346 syn 0.0312
2026-10-05 22:12Z update_daily: 183 nieuwe regels in 195 bestanden
update_daily: 183 nieuwe regels in 195 bestanden
FX_EURUSD + 0
FX_GBPUSD + 0
FX_USDJPY + 0
FX_AUDUSD + 0
FX_USDCAD + 0
FX_USDCHF + 0
FX_NZDUSD + 0
dagcorrelatie IEF vs BOND10_SYN 0.947; vol IEF 0.068 syn 0.073; CAGR IEF 0.0346 syn 0.0312
2026-10-06 22:12Z update_daily: 150 nieuwe regels in 195 bestanden
update_daily: 150 nieuwe regels in 195 bestanden
FX_EURUSD + 1
FX_GBPUSD + 1
FX_USDJPY + 1
FX_AUDUSD + 1
FX_USDCAD + 1
FX_USDCHF + 1
FX_NZDUSD + 1
dagcorrelatie IEF vs BOND10_SYN 0.947; vol IEF 0.068 syn 0.073; CAGR IEF 0.0346 syn 0.0312
